<?xml version="1.0" encoding="utf-8"?>
<TestRun id="8977c510-0805-4c0f-8254-3f8d2e15980a" name="rakib@RAKIB_SHIMANTO 2026-02-23 13:16:18" runUser="RAKIB_SHIMANTO\rakib" xmlns="http://microsoft.com/schemas/VisualStudio/TeamTest/2010">
  <Times creation="2026-02-23T13:16:18.9797293+06:00" queuing="2026-02-23T13:16:18.9797298+06:00" start="2026-02-23T13:16:16.4370832+06:00" finish="2026-02-23T13:16:18.9995476+06:00" />
  <TestSettings name="default" id="d006659a-b0f8-41a1-a882-0b525ab08c4f">
    <Deployment runDeploymentRoot="rakib_RAKIB_SHIMANTO_2026-02-23_13_16_18" />
  </TestSettings>
  <Results>
    <UnitTestResult executionId="c7f07cc5-7f2c-44e8-b09a-4f3ea7e7db2e" testId="7e64b40e-519d-a6e1-c872-e348c2820127" testName="InfernoMemoryStew_IsDiscovered_WhenIngredientsSelected" computerName="RAKIB_SHIMANTO" duration="00:00:00.0847420" startTime="2026-02-23T13:16:18.4400686+06:00" endTime="2026-02-23T13:16:18.5245649+06:00" testType="13cdc9d9-ddb5-4fa4-a97d-d965ccfc6d4b" outcome="Passed" testListId="8c84fa94-04c1-424b-9868-57a2d4851a1d" relativeResultsDirectory="c7f07cc5-7f2c-44e8-b09a-4f3ea7e7db2e" />
  </Results>
  <TestDefinitions>
    <UnitTest name="InfernoMemoryStew_IsDiscovered_WhenIngredientsSelected" storage="d:\rajiya\hellstarchef\tests\hellstarchef.core.tests\bin\debug\net8.0\hellstarchef.core.tests.dll" id="7e64b40e-519d-a6e1-c872-e348c2820127">
      <Execution id="c7f07cc5-7f2c-44e8-b09a-4f3ea7e7db2e" />
      <TestMethod codeBase="D:\Rajiya\HellStarChef\tests\HellstarChef.Core.Tests\bin\Debug\net8.0\HellstarChef.Core.Tests.dll" adapterTypeName="executor://nunit3testexecutor/" className="HellstarChef.Core.Tests.DishEvaluatorTests" name="InfernoMemoryStew_IsDiscovered_WhenIngredientsSelected" />
    </UnitTest>
  </TestDefinitions>
  <TestEntries>
    <TestEntry testId="7e64b40e-519d-a6e1-c872-e348c2820127" executionId="c7f07cc5-7f2c-44e8-b09a-4f3ea7e7db2e" testListId="8c84fa94-04c1-424b-9868-57a2d4851a1d" />
  </TestEntries>
  <TestLists>
    <TestList name="Results Not in a List" id="8c84fa94-04c1-424b-9868-57a2d4851a1d" />
    <TestList name="All Loaded Results" id="19431567-8539-422a-85d7-44ee4e166bda" />
  </TestLists>
  <ResultSummary outcome="Completed">
    <Counters total="1" executed="1" passed="1" failed="0" error="0" timeout="0" aborted="0" inconclusive="0" passedButRunAborted="0" notRunnable="0" notExecuted="0" disconnected="0" warning="0" completed="0" inProgress="0" pending="0" />
    <Output>
      <StdOut>NUnit Adapter 4.3.1.0: Test execution started&#xD;
Running all tests in D:\Rajiya\HellStarChef\tests\HellstarChef.Core.Tests\bin\Debug\net8.0\HellstarChef.Core.Tests.dll&#xD;
   NUnit3TestExecutor discovered 1 of 1 NUnit test cases using Current Discovery mode, Non-Explicit run&#xD;
NUnit Adapter 4.3.1.0: Test execution complete&#xD;
</StdOut>
    </Output>
  </ResultSummary>
</TestRun>